// Jest Snapshot v1, https://goo.gl/fbAQLP

exports[`Blue component renders a blue splotch 1`] = `
<div
  style={
    Object {
      "backgroundColor": "blue",
      "height": "50vh",
      "width": "50vh",
    }
  }
/>
`;
