// Jest Snapshot v1, https://goo.gl/fbAQLP

exports[`Yellow component renders a yellow splotch 1`] = `
<div
  style={
    Object {
      "backgroundColor": "yellow",
      "height": "50vh",
      "width": "50vh",
    }
  }
/>
`;
