// Jest Snapshot v1, https://goo.gl/fbAQLP

exports[`Red component renders a red splotch 1`] = `
<div
  style={
    Object {
      "backgroundColor": "red",
      "height": "50vh",
      "width": "50vh",
    }
  }
/>
`;
