// Jest Snapshot v1, https://goo.gl/fbAQLP

exports[`Color component renders a color splotch 1`] = `
<div
  style={
    Object {
      "backgroundColor": "purple",
      "height": "50vh",
      "width": "50vh",
    }
  }
/>
`;
